// Vitest Snapshot v1, https://vitest.dev/guide/snapshot.html

exports[`fixtures/arr-id.prisma 1`] = `
[
  {
    "content": "

export class ConnectPlantDto {
  plantId: string;
}
",
    "fileName": "../src/@generated/prisma-generator-nestjs-dto/connect-plant.dto.ts",
  },
  {
    "content": "



export class CreatePlantDto {
  
}
",
    "fileName": "../src/@generated/prisma-generator-nestjs-dto/create-plant.dto.ts",
  },
  {
    "content": "



export class UpdatePlantDto {
  
}
",
    "fileName": "../src/@generated/prisma-generator-nestjs-dto/update-plant.dto.ts",
  },
  {
    "content": "
import {ValidateNested} from 'class-validator'
import {IntersectionType} from '@nestjs/swagger'
import {Product} from './product.entity'
import {Item} from './item.entity'

export class Plant {
  plantId: string ;
}
export class PlantRel {
  @ValidateNested()
products: Product[] ;
  @ValidateNested()
items: Item[] ;
}
export class PlantFull extends IntersectionType(Plant, PlantRel) {}
",
    "fileName": "../src/@generated/prisma-generator-nestjs-dto/plant.entity.ts",
  },
  {
    "content": "

export class ConnectProductDto {
  id: string;
  plantId: string;
}
",
    "fileName": "../src/@generated/prisma-generator-nestjs-dto/connect-product.dto.ts",
  },
  {
    "content": "
import {Prisma} from '@prisma/client'


export class CreateProductDto {
  plantId: string;
  name: string;
  description: string;
  images: Prisma.InputJsonValue[];
  highlighted?: boolean;
  reviewCount?: number;
  attributes?: Prisma.InputJsonValue;
  score?: number;
  decimal?: Prisma.Decimal;
  categoryId: string;
  companyId: string;
}
",
    "fileName": "../src/@generated/prisma-generator-nestjs-dto/create-product.dto.ts",
  },
  {
    "content": "
import {Prisma} from '@prisma/client'


export class UpdateProductDto {
  name?: string ;
  description?: string ;
  images?: Prisma.JsonValue[] ;
  highlighted?: boolean  | null;
  reviewCount?: number  | null;
  attributes?: Prisma.JsonValue  | null;
  score?: number  | null;
  decimal?: Prisma.Decimal  | null;
  categoryId?: string ;
  companyId?: string ;
}
",
    "fileName": "../src/@generated/prisma-generator-nestjs-dto/update-product.dto.ts",
  },
  {
    "content": "
import {ValidateNested} from 'class-validator'
import {Prisma} from '@prisma/client'
import {IntersectionType} from '@nestjs/swagger'
import {Plant} from './plant.entity'

export class Product {
  id: string ;
  plantId: string ;
  name: string ;
  description: string ;
  images: Prisma.JsonValue[] ;
  highlighted: boolean  | null;
  reviewCount: number  | null;
  attributes: Prisma.JsonValue  | null;
  score: number  | null;
  decimal: Prisma.Decimal  | null;
  categoryId: string ;
  companyId: string ;
}
export class ProductRel {
  @ValidateNested()
plant: Plant ;
}
export class ProductFull extends IntersectionType(Product, ProductRel) {}
",
    "fileName": "../src/@generated/prisma-generator-nestjs-dto/product.entity.ts",
  },
  {
    "content": "

export class ConnectItemDto {
  itemId: string;
  plantId: string;
  orderId: string;
}
",
    "fileName": "../src/@generated/prisma-generator-nestjs-dto/connect-item.dto.ts",
  },
  {
    "content": "
import {Prisma} from '@prisma/client'


export class CreateItemDto {
  plantId: string;
  orderId: string;
  diner?: Prisma.Decimal;
  productId: string;
  quantity: Prisma.Decimal;
}
",
    "fileName": "../src/@generated/prisma-generator-nestjs-dto/create-item.dto.ts",
  },
  {
    "content": "
import {Prisma} from '@prisma/client'


export class UpdateItemDto {
  diner?: Prisma.Decimal  | null;
  productId?: string ;
  quantity?: Prisma.Decimal ;
}
",
    "fileName": "../src/@generated/prisma-generator-nestjs-dto/update-item.dto.ts",
  },
  {
    "content": "
import {ValidateNested} from 'class-validator'
import {Prisma} from '@prisma/client'
import {IntersectionType} from '@nestjs/swagger'
import {Plant} from './plant.entity'

export class Item {
  itemId: string ;
  plantId: string ;
  orderId: string ;
  diner: Prisma.Decimal  | null;
  productId: string ;
  quantity: Prisma.Decimal ;
}
export class ItemRel {
  @ValidateNested()
plant: Plant ;
}
export class ItemFull extends IntersectionType(Item, ItemRel) {}
",
    "fileName": "../src/@generated/prisma-generator-nestjs-dto/item.entity.ts",
  },
]
`;
