// Vitest Snapshot v1, https://vitest.dev/guide/snapshot.html

exports[`fixtures/class-validator.prisma 1`] = `
[
  {
    "content": "
import {IsUUID} from 'class-validator'
export class ConnectProductDto {
  @IsUUID('4')
id: string;
}
",
    "fileName": "../src/@generated/prisma-generator-nestjs-dto/product/dto/connect-product.dto.ts",
  },
  {
    "content": "
import {IsUUID,IsBoolean,IsOptional,IsPositive,IsDecimal,ValidateNested} from 'class-validator'
import {Type} from 'class-transformer'
import {Prisma} from '@prisma/client'
import {ApiExtraModels} from '@nestjs/swagger'
import {ConnectCategoryDto} from '../../category/dto/connect-category.dto'
export class CreateProductCategoryRelationInputDto {
      @Type(() => ConnectCategoryDto)
@ValidateNested()
connect: ConnectCategoryDto;
  }
@ApiExtraModels(ConnectCategoryDto,CreateProductCategoryRelationInputDto)
export class CreateProductDto {
  @IsUUID('4')
id: string;
  description: string;
  images: Prisma.InputJsonValue[];
  @IsBoolean()
@IsOptional()
highlighted?: boolean;
  @IsPositive()
@IsOptional()
reviewCount?: number;
  @IsDecimal({
  decimal_digits: 2
})
@IsOptional()
score?: number;
  @IsUUID('4')
@IsOptional()
categoryId?: string;
  @IsUUID('4')
companyId: string;
  @Type(() => Category)
@ValidateNested()
@IsOptional()
category: CreateProductCategoryRelationInputDto;
}
",
    "fileName": "../src/@generated/prisma-generator-nestjs-dto/product/dto/create-product.dto.ts",
  },
  {
    "content": "
import {IsBoolean,IsOptional,IsPositive,IsDecimal,ValidateNested} from 'class-validator'
import {Type} from 'class-transformer'
import {Prisma} from '@prisma/client'
import {ApiExtraModels} from '@nestjs/swagger'
import {ConnectCompanyDto} from '../../company/dto/connect-company.dto'
export class UpdateProductCompanyRelationInputDto {
      @Type(() => ConnectCompanyDto)
@ValidateNested()
connect: ConnectCompanyDto;
  }
@ApiExtraModels(ConnectCompanyDto,UpdateProductCompanyRelationInputDto)
export class UpdateProductDto {
  description?: string ;
  images?: Prisma.JsonValue[] ;
  @IsBoolean()
@IsOptional()
highlighted?: boolean  | null;
  @IsPositive()
@IsOptional()
reviewCount?: number  | null;
  @IsDecimal({
  decimal_digits: 2
})
@IsOptional()
score?: number  | null;
  @Type(() => Company)
@ValidateNested()
company?: UpdateProductCompanyRelationInputDto ;
}
",
    "fileName": "../src/@generated/prisma-generator-nestjs-dto/product/dto/update-product.dto.ts",
  },
  {
    "content": "
import {IsUUID,IsBoolean,IsOptional,IsPositive,IsDecimal,ValidateNested} from 'class-validator'
import {Type} from 'class-transformer'
import {Prisma} from '@prisma/client'
import {IntersectionType} from '@nestjs/swagger'
import {Company} from '../../company/entities/company.entity'
import {Category} from '../../category/entities/category.entity'

export class Product {
  @IsUUID('4')
id: string ;
  description: string ;
  images: Prisma.JsonValue[] ;
  @IsBoolean()
@IsOptional()
highlighted: boolean  | null;
  @IsPositive()
@IsOptional()
reviewCount: number  | null;
  @IsDecimal({
  decimal_digits: 2
})
@IsOptional()
score: number  | null;
  @IsUUID('4')
@IsOptional()
categoryId: string ;
  @IsUUID('4')
companyId: string ;
}
export class ProductRel {
  @Type(() => Category)
@ValidateNested()
@IsOptional()
category: Category ;
  @Type(() => Company)
@ValidateNested()
company: Company ;
}
export class ProductFull extends IntersectionType(Product, ProductRel) {}
",
    "fileName": "../src/@generated/prisma-generator-nestjs-dto/product/entities/product.entity.ts",
  },
  {
    "content": "

export class ConnectCategoryDto {
  id: string;
}
",
    "fileName": "../src/@generated/prisma-generator-nestjs-dto/category/dto/connect-category.dto.ts",
  },
  {
    "content": "



export class CreateCategoryDto {
  
}
",
    "fileName": "../src/@generated/prisma-generator-nestjs-dto/category/dto/create-category.dto.ts",
  },
  {
    "content": "



export class UpdateCategoryDto {
  
}
",
    "fileName": "../src/@generated/prisma-generator-nestjs-dto/category/dto/update-category.dto.ts",
  },
  {
    "content": "
import {ValidateNested} from 'class-validator'
import {Type} from 'class-transformer'
import {IntersectionType} from '@nestjs/swagger'
import {Product} from '../../product/entities/product.entity'

export class Category {
  id: string ;
}
export class CategoryRel {
  @Type(() => Product)
@ValidateNested()
product: Product[] ;
}
export class CategoryFull extends IntersectionType(Category, CategoryRel) {}
",
    "fileName": "../src/@generated/prisma-generator-nestjs-dto/category/entities/category.entity.ts",
  },
  {
    "content": "

export class ConnectCompanyDto {
  id: string;
}
",
    "fileName": "../src/@generated/prisma-generator-nestjs-dto/company/dto/connect-company.dto.ts",
  },
  {
    "content": "



export class CreateCompanyDto {
  
}
",
    "fileName": "../src/@generated/prisma-generator-nestjs-dto/company/dto/create-company.dto.ts",
  },
  {
    "content": "



export class UpdateCompanyDto {
  
}
",
    "fileName": "../src/@generated/prisma-generator-nestjs-dto/company/dto/update-company.dto.ts",
  },
  {
    "content": "
import {ValidateNested} from 'class-validator'
import {Type} from 'class-transformer'
import {IntersectionType} from '@nestjs/swagger'
import {Product} from '../../product/entities/product.entity'

export class Company {
  id: string ;
}
export class CompanyRel {
  @Type(() => Product)
@ValidateNested()
product: Product[] ;
}
export class CompanyFull extends IntersectionType(Company, CompanyRel) {}
",
    "fileName": "../src/@generated/prisma-generator-nestjs-dto/company/entities/company.entity.ts",
  },
]
`;
