// Vitest Snapshot v1, https://vitest.dev/guide/snapshot.html

exports[`fixtures/enum.prisma 1`] = `
[
  {
    "content": "
import {SettingPropType} from '@prisma/client'
import {ApiProperty} from '@nestjs/swagger'
export class ConnectSettingDto {
  plantId: string;
  key: string;
  @ApiProperty({ enum: SettingPropType})
type: SettingPropType;
}
",
    "fileName": "../src/@generated/prisma-generator-nestjs-dto/setting/dto/connect-setting.dto.ts",
  },
  {
    "content": "
import {SettingPropType} from '@prisma/client'
import {ApiProperty} from '@nestjs/swagger'


export class CreateSettingDto {
  plantId: string;
  key: string;
  value: string;
  @ApiProperty({ enum: SettingPropType})
type: SettingPropType;
}
",
    "fileName": "../src/@generated/prisma-generator-nestjs-dto/setting/dto/create-setting.dto.ts",
  },
  {
    "content": "



export class UpdateSettingDto {
  value?: string ;
}
",
    "fileName": "../src/@generated/prisma-generator-nestjs-dto/setting/dto/update-setting.dto.ts",
  },
  {
    "content": "
import {SettingPropType} from '@prisma/client'
import {ApiProperty,IntersectionType} from '@nestjs/swagger'

export class Setting {
  plantId: string ;
  key: string ;
  value: string ;
  @ApiProperty({ enum: SettingPropType})
type: SettingPropType ;
}
export class SettingRel {
  
}
export class SettingFull extends IntersectionType(Setting, SettingRel) {}
",
    "fileName": "../src/@generated/prisma-generator-nestjs-dto/setting/entities/setting.entity.ts",
  },
]
`;
