// Vitest Snapshot v1, https://vitest.dev/guide/snapshot.html

exports[`fixtures/nulls.prisma 1`] = `
[
  {
    "content": "

export class ConnectProductDto {
  id: string;
}
",
    "fileName": "../src/@generated/prisma-generator-nestjs-dto/connect-product.dto.ts",
  },
  {
    "content": "
import {IsOptional} from 'class-validator'
import {Prisma} from '@app/prisma'


export class CreateProductDto {
  name: string;
  description: string;
  images: Prisma.InputJsonValue[];
  @IsOptional()
highlighted?: boolean;
  @IsOptional()
reviewCount?: number;
  @IsOptional()
attributes?: Prisma.InputJsonValue;
  @IsOptional()
score?: number;
  @IsOptional()
decimal?: Prisma.Decimal;
  categoryId: string;
  companyId: string;
}
",
    "fileName": "../src/@generated/prisma-generator-nestjs-dto/create-product.dto.ts",
  },
  {
    "content": "
import {IsOptional} from 'class-validator'
import {Prisma} from '@app/prisma'


export class UpdateProductDto {
  name?: string ;
  description?: string ;
  images?: Prisma.JsonValue[] ;
  @IsOptional()
highlighted?: boolean  | null;
  @IsOptional()
reviewCount?: number  | null;
  @IsOptional()
attributes?: Prisma.JsonValue  | null;
  @IsOptional()
score?: number  | null;
  @IsOptional()
decimal?: Prisma.Decimal  | null;
  categoryId?: string ;
  companyId?: string ;
}
",
    "fileName": "../src/@generated/prisma-generator-nestjs-dto/update-product.dto.ts",
  },
  {
    "content": "
import {IsOptional} from 'class-validator'
import {IntersectionType} from '@nestjs/swagger'
import {Prisma} from '@app/prisma'

export class Product {
  id: string ;
  name: string ;
  description: string ;
  images: Prisma.JsonValue[] ;
  @IsOptional()
highlighted: boolean  | null;
  @IsOptional()
reviewCount: number  | null;
  @IsOptional()
attributes: Prisma.JsonValue  | null;
  @IsOptional()
score: number  | null;
  @IsOptional()
decimal: Prisma.Decimal  | null;
  categoryId: string ;
  companyId: string ;
}
export class ProductRel {
  
}
export class ProductFull extends IntersectionType(Product, ProductRel) {}
",
    "fileName": "../src/@generated/prisma-generator-nestjs-dto/product.entity.ts",
  },
]
`;
